
> chimivuelos@0.1.0 build
> next build

Ôû▓ Next.js 16.1.6 (Turbopack)
- Environments: .env.local
- Experiments (use with caution):
  ┬À serverActions

  Creating an optimized production build ...
Ô£ô Compiled successfully in 4.6s
  Running TypeScript ...
  Collecting page data using 15 workers ...
  Generating static pages using 15 workers (0/24) ...
  Generating static pages using 15 workers (6/24) 
  Generating static pages using 15 workers (12/24) 
  Generating static pages using 15 workers (18/24) 
Ô£ô Generating static pages using 15 workers (24/24) in 481.3ms
  Finalizing page optimization ...

Route (app)
Ôöî Ôùï /
Ôö£ Ôùï /_not-found
Ôö£ ãÆ /admin/chat
Ôö£ ãÆ /admin/permissions
Ôö£ ãÆ /agents
Ôö£ ãÆ /agents/[id]
Ôö£ ãÆ /chimi-contabilidad
Ôö£ ãÆ /chimi-encomiendas
Ôö£ ãÆ /chimi-gastos
Ôö£ ãÆ /chimi-giros
Ôö£ ãÆ /chimi-otros-servicios
Ôö£ ãÆ /chimi-traducciones
Ôö£ ãÆ /chimi-vuelos
Ôö£ ãÆ /clients
Ôö£ ãÆ /clients/[id]
Ôö£ ãÆ /dashboard
Ôö£ Ôùï /encomienda
Ôö£ Ôùï /giros
Ôö£ Ôùï /icon.svg
Ôö£ Ôùï /login
Ôö£ Ôùï /otros
Ôö£ ãÆ /portal
Ôö£ ãÆ /portal/chat
Ôö£ ãÆ /portal/encomiendas
Ôö£ ãÆ /portal/encomiendas/[id]
Ôö£ ãÆ /portal/giros
Ôö£ ãÆ /portal/giros/[id]
Ôö£ ãÆ /portal/otros
Ôö£ ãÆ /portal/otros/[id]
Ôö£ ãÆ /portal/traducciones
Ôö£ ãÆ /portal/traducciones/[id]
Ôö£ ãÆ /portal/vuelos
Ôö£ ãÆ /portal/vuelos/[id]
Ôöö Ôùï /tramites


ãÆ Proxy (Middleware)

Ôùï  (Static)   prerendered as static content
ãÆ  (Dynamic)  server-rendered on demand

